../Src/009_SPI_MESSAGE_RCV_IT.c:53:6:delay	16	static
../Src/009_SPI_MESSAGE_RCV_IT.c:67:6:SPI2_GPIOInits	24	static
../Src/009_SPI_MESSAGE_RCV_IT.c:96:6:SPI2_Inits	40	static
../Src/009_SPI_MESSAGE_RCV_IT.c:112:6:Slave_GPIO_InterruptPinInit	24	static
../Src/009_SPI_MESSAGE_RCV_IT.c:139:5:main	16	static
../Src/009_SPI_MESSAGE_RCV_IT.c:198:6:SPI2_IRQHandler	8	static
../Src/009_SPI_MESSAGE_RCV_IT.c:206:6:SPI_ApplicationEventCallback	16	static
../Src/009_SPI_MESSAGE_RCV_IT.c:222:6:EXTI9_5_IRQHandler	8	static
